TRACK_TIME 1121238067
TRACK SWA1897 B733 373716.9212 1222324.2088 0 0.13 28 ZOA ZOA46
    FP_ROUTE KSFO.<{"id": "Gate_F_086"}, {"id": "Ramp_06_011"}, {"id": "Txy_A_B1"}, {"id": "Txy_A_016"}, {"id": "Txy_A_015"}, {"id": "Txy_A_012"}, {"id": "Txy_A_011"}, {"id": "Txy_A_D"}, {"id": "Txy_A_010"}, {"id": "Txy_A_E"}, {"id": "Txy_A_009"}, {"id": "Txy_A_F1"}, {"id": "Txy_A_008"}, {"id": "Txy_A_G"}, {"id": "Txy_A_007"}, {"id": "Txy_A_006"}, {"id": "Txy_A_005"}, {"id": "Txy_A_H"}, {"id": "Txy_A_004"}, {"id": "Txy_A_M"}, {"id": "Txy_A_003"}, {"id": "Txy_A_002"}, {"id": "Txy_A_A1"}, {"id": "Txy_A_001"}, {"id": "Rwy_02_001"}, {"id": "Rwy_02_002"}>.RW01R.SSTIK3.LOSHN..BOILE..BLH.HYDRR1.I07R.RW07R.<{"id": "Rwy_03_009"}, {"id": "Txy_G7_001"}, {"id": "Txy_F_009"}, {"id": "Txy_F_010"}, {"id": "Txy_F_011"}, {"id": "Txy_F_012"}, {"id": "Txy_F_013"}, {"id": "Txy_F13_001"}, {"id": "Rwy_02_018"}, {"id": "Txy_E13_001"}, {"id": "Txy_E_022"}, {"id": "Txy_D13_001"}, {"id": "Ramp_10_005"}, {"id": "Ramp_10_006"} {"id": "Gate_04_C16"}>.KPHX

